--------------------
./configure --prefix=/gpfs/td1/emc/meso/save/Annette.Gibbs/smartinit.v3.4.0/sorc/smartinit_wgrib2.cd
Tue Aug  4 13:14:29 UTC 2015
=== ztest21452.c ===
extern int getchar();
int hello() {return getchar();}
===
gcc -c ztest21452.c
... using gcc

Checking for obsessive-compulsive compiler options...
=== ztest21452.c ===
int foo() { return 0; }
===
gcc -c -Wall -Wmissing-prototypes -Wold-style-definition -Werror=format-security -ffast-math -O3 -I/gpfs/td1/emc/meso/save/Annette.Gibbs/smartinit.v3.4.0/sorc/smartinit_wgrib2.cd/include -I/gpfs/td1/emc/meso/save/Annette.Gibbs/smartinit.v3.4.0/sorc/smartinit_wgrib2.cd/g2clib-1.4.0 -DGFORTRAN -I/usr/include ztest21452.c
ztest21452.c:1: warning: no previous prototype for 'foo'
ztest21452.c: In function 'foo':
ztest21452.c:1: warning: old-style function definition

Checking for shared library support...
=== ztest21452.c ===
extern int getchar();
int hello() {return getchar();}
===
gcc -w -c -Wall -Wmissing-prototypes -Wold-style-definition -Werror=format-security -ffast-math -O3 -I/gpfs/td1/emc/meso/save/Annette.Gibbs/smartinit.v3.4.0/sorc/smartinit_wgrib2.cd/include -I/gpfs/td1/emc/meso/save/Annette.Gibbs/smartinit.v3.4.0/sorc/smartinit_wgrib2.cd/g2clib-1.4.0 -DGFORTRAN -I/usr/include -fPIC ztest21452.c
gcc -shared -Wl,-soname,libz.so.1,--version-script,zlib.map -Wall -Wmissing-prototypes -Wold-style-definition -Werror=format-security -ffast-math -O3 -I/gpfs/td1/emc/meso/save/Annette.Gibbs/smartinit.v3.4.0/sorc/smartinit_wgrib2.cd/include -I/gpfs/td1/emc/meso/save/Annette.Gibbs/smartinit.v3.4.0/sorc/smartinit_wgrib2.cd/g2clib-1.4.0 -DGFORTRAN -I/usr/include -fPIC -o ztest21452.so ztest21452.o
Building shared library libz.so.1.2.8 with gcc.

=== ztest21452.c ===
#include <sys/types.h>
off64_t dummy = 0;
===
gcc -c -Wall -Wmissing-prototypes -Wold-style-definition -Werror=format-security -ffast-math -O3 -I/gpfs/td1/emc/meso/save/Annette.Gibbs/smartinit.v3.4.0/sorc/smartinit_wgrib2.cd/include -I/gpfs/td1/emc/meso/save/Annette.Gibbs/smartinit.v3.4.0/sorc/smartinit_wgrib2.cd/g2clib-1.4.0 -DGFORTRAN -I/usr/include -D_LARGEFILE64_SOURCE=1 ztest21452.c
Checking for off64_t... Yes.
Checking for fseeko... Yes.

=== ztest21452.c ===
#include <string.h>
#include <errno.h>
int main() { return strlen(strerror(errno)); }
===
gcc -Wall -Wmissing-prototypes -Wold-style-definition -Werror=format-security -ffast-math -O3 -I/gpfs/td1/emc/meso/save/Annette.Gibbs/smartinit.v3.4.0/sorc/smartinit_wgrib2.cd/include -I/gpfs/td1/emc/meso/save/Annette.Gibbs/smartinit.v3.4.0/sorc/smartinit_wgrib2.cd/g2clib-1.4.0 -DGFORTRAN -I/usr/include -D_LARGEFILE64_SOURCE=1 -o ztest21452 ztest21452.c
ztest21452.c: In function 'main':
ztest21452.c:3: warning: old-style function definition
Checking for strerror... Yes.

=== ztest21452.c ===
#include <unistd.h>
int main() { return 0; }
===
gcc -c -Wall -Wmissing-prototypes -Wold-style-definition -Werror=format-security -ffast-math -O3 -I/gpfs/td1/emc/meso/save/Annette.Gibbs/smartinit.v3.4.0/sorc/smartinit_wgrib2.cd/include -I/gpfs/td1/emc/meso/save/Annette.Gibbs/smartinit.v3.4.0/sorc/smartinit_wgrib2.cd/g2clib-1.4.0 -DGFORTRAN -I/usr/include -D_LARGEFILE64_SOURCE=1 ztest21452.c
ztest21452.c: In function 'main':
ztest21452.c:2: warning: old-style function definition
Checking for unistd.h... Yes.

=== ztest21452.c ===
#include <stdarg.h>
int main() { return 0; }
===
gcc -c -Wall -Wmissing-prototypes -Wold-style-definition -Werror=format-security -ffast-math -O3 -I/gpfs/td1/emc/meso/save/Annette.Gibbs/smartinit.v3.4.0/sorc/smartinit_wgrib2.cd/include -I/gpfs/td1/emc/meso/save/Annette.Gibbs/smartinit.v3.4.0/sorc/smartinit_wgrib2.cd/g2clib-1.4.0 -DGFORTRAN -I/usr/include -D_LARGEFILE64_SOURCE=1 ztest21452.c
ztest21452.c: In function 'main':
ztest21452.c:2: warning: old-style function definition
Checking for stdarg.h... Yes.

=== ztest21452.c ===
#include <stdio.h>
#include <stdarg.h>
#include "zconf.h"
int main()
{
#ifndef STDC
  choke me
#endif
  return 0;
}
===
gcc -c -Wall -Wmissing-prototypes -Wold-style-definition -Werror=format-security -ffast-math -O3 -I/gpfs/td1/emc/meso/save/Annette.Gibbs/smartinit.v3.4.0/sorc/smartinit_wgrib2.cd/include -I/gpfs/td1/emc/meso/save/Annette.Gibbs/smartinit.v3.4.0/sorc/smartinit_wgrib2.cd/g2clib-1.4.0 -DGFORTRAN -I/usr/include -D_LARGEFILE64_SOURCE=1 ztest21452.c
ztest21452.c: In function 'main':
ztest21452.c:4: warning: old-style function definition
Checking whether to use vs[n]printf() or s[n]printf()... using vs[n]printf().

=== ztest21452.c ===
#include <stdio.h>
#include <stdarg.h>
int mytest(const char *fmt, ...)
{
  char buf[20];
  va_list ap;
  va_start(ap, fmt);
  vsnprintf(buf, sizeof(buf), fmt, ap);
  va_end(ap);
  return 0;
}
int main()
{
  return (mytest("Hello%d\n", 1));
}
===
gcc -Wall -Wmissing-prototypes -Wold-style-definition -Werror=format-security -ffast-math -O3 -I/gpfs/td1/emc/meso/save/Annette.Gibbs/smartinit.v3.4.0/sorc/smartinit_wgrib2.cd/include -I/gpfs/td1/emc/meso/save/Annette.Gibbs/smartinit.v3.4.0/sorc/smartinit_wgrib2.cd/g2clib-1.4.0 -DGFORTRAN -I/usr/include -D_LARGEFILE64_SOURCE=1 -o ztest21452 ztest21452.c
ztest21452.c:3: warning: no previous prototype for 'mytest'
ztest21452.c: In function 'main':
ztest21452.c:12: warning: old-style function definition
Checking for vsnprintf() in stdio.h... Yes.

=== ztest21452.c ===
#include <stdio.h>
#include <stdarg.h>
int mytest(const char *fmt, ...)
{
  int n;
  char buf[20];
  va_list ap;
  va_start(ap, fmt);
  n = vsnprintf(buf, sizeof(buf), fmt, ap);
  va_end(ap);
  return n;
}
int main()
{
  return (mytest("Hello%d\n", 1));
}
===
gcc -c -Wall -Wmissing-prototypes -Wold-style-definition -Werror=format-security -ffast-math -O3 -I/gpfs/td1/emc/meso/save/Annette.Gibbs/smartinit.v3.4.0/sorc/smartinit_wgrib2.cd/include -I/gpfs/td1/emc/meso/save/Annette.Gibbs/smartinit.v3.4.0/sorc/smartinit_wgrib2.cd/g2clib-1.4.0 -DGFORTRAN -I/usr/include -D_LARGEFILE64_SOURCE=1 ztest21452.c
ztest21452.c:3: warning: no previous prototype for 'mytest'
ztest21452.c: In function 'main':
ztest21452.c:13: warning: old-style function definition
Checking for return value of vsnprintf()... Yes.

=== ztest21452.c ===
#define ZLIB_INTERNAL __attribute__((visibility ("hidden")))
int ZLIB_INTERNAL foo;
int main()
{
  return 0;
}
===
gcc -c -Wall -Wmissing-prototypes -Wold-style-definition -Werror=format-security -ffast-math -O3 -I/gpfs/td1/emc/meso/save/Annette.Gibbs/smartinit.v3.4.0/sorc/smartinit_wgrib2.cd/include -I/gpfs/td1/emc/meso/save/Annette.Gibbs/smartinit.v3.4.0/sorc/smartinit_wgrib2.cd/g2clib-1.4.0 -DGFORTRAN -I/usr/include -D_LARGEFILE64_SOURCE=1 ztest21452.c
ztest21452.c: In function 'main':
ztest21452.c:3: warning: old-style function definitionChecking for attribute(visibility) support... No.

ALL = static shared all64
AR = ar
ARFLAGS = rc
CC = gcc
CFLAGS = -Wall -Wmissing-prototypes -Wold-style-definition -Werror=format-security -ffast-math -O3 -I/gpfs/td1/emc/meso/save/Annette.Gibbs/smartinit.v3.4.0/sorc/smartinit_wgrib2.cd/include -I/gpfs/td1/emc/meso/save/Annette.Gibbs/smartinit.v3.4.0/sorc/smartinit_wgrib2.cd/g2clib-1.4.0 -DGFORTRAN -I/usr/include -D_LARGEFILE64_SOURCE=1
CPP = gcc -E
EXE =
LDCONFIG = ldconfig
LDFLAGS =
LDSHARED = gcc -shared -Wl,-soname,libz.so.1,--version-script,zlib.map
LDSHAREDLIBC = -lc
OBJC = $(OBJZ) $(OBJG)
PIC_OBJC = $(PIC_OBJZ) $(PIC_OBJG)
RANLIB = ranlib
SFLAGS = -Wall -Wmissing-prototypes -Wold-style-definition -Werror=format-security -ffast-math -O3 -I/gpfs/td1/emc/meso/save/Annette.Gibbs/smartinit.v3.4.0/sorc/smartinit_wgrib2.cd/include -I/gpfs/td1/emc/meso/save/Annette.Gibbs/smartinit.v3.4.0/sorc/smartinit_wgrib2.cd/g2clib-1.4.0 -DGFORTRAN -I/usr/include -fPIC -D_LARGEFILE64_SOURCE=1
SHAREDLIB = libz.so
SHAREDLIBM = libz.so.1
SHAREDLIBV = libz.so.1.2.8
STATICLIB = libz.a
TEST = all teststatic testshared test64
VER = 1.2.8
Z_U4 =
exec_prefix = ${prefix}
includedir = ${prefix}/include
libdir = ${exec_prefix}/lib
mandir = ${prefix}/share/man
prefix = /gpfs/td1/emc/meso/save/Annette.Gibbs/smartinit.v3.4.0/sorc/smartinit_wgrib2.cd
sharedlibdir = ${libdir}
uname = Linux
--------------------


