IBM XL Fortran for AIX, V12.1 (5724-U82) Version 12.01.0000.0001 --- /gpfs/s/nco/ops/nwpara/sorc/nam_smartaddprecip.fd/ADDPRECIP12.f 06/23/11 14:22:04
 
>>>>> OPTIONS SECTION <<<<<
***   Options In Effect   ***
  
         ==  On / Off Options  ==
         CR              DBG             DDIM            ESCAPE
         FULLPATH        I4              INLGLUE         NOLIBESSL
         NOLIBPOSIX      OBJECT          SOURCE          STRICT
         SWAPOMP         THREADED        UNWIND          NOZEROSIZE
  
         ==  Options Of Integer Type ==
         ALIAS_SIZE(65536)     FIXED(72)             MAXMEM(-1)
         OPTIMIZE(2)           SPILLSIZE(548)        STACKTEMP(0)
  
  
         ==  Options Of Character Type  ==
         64(LARGETYPE)         ALIAS(STD,INTPTR)     ALIGN(BINDC(POWER),STRUCT(NATURAL))
         ARCH(PWR6)            ATTR()                AUTODBL(NONE)
         DESCRIPTOR(V1)        DIRECTIVE(IBM*,IBMT)  ENUM()
         FLAG(I,I)             FLOAT(RNDSNGL,MAF,FOLD,RNGCHK,SINGLE)
         HALT(S)               IEEE(NEAR)            INTSIZE(4)
         LANGLVL(EXTENDED)     POSITION(APPENDOLD)   REALSIZE(4)
         NOSAVE()              TUNE(PWR6)            UNROLL(AUTO)
         XREF(FULL)            XLF2003(NOPOLYMORPHIC,NOBOZLITARGS,NOSTOPEXCEPT,NOVOLATILE,NOAUTOREALLOC,OLDNANINF)
         XLF77(NOLEADZERO,GEDIT77,NOBLANKPAD,OLDBOZ,INTARG,INTXOR,PERSISTENT,SOFTEOF)
         XLF90(NOSIGNEDZERO,NOAUTODEALLOC,OLDPAD)
  
>>>>> SOURCE SECTION <<<<<
          1 |       PROGRAM ADDPRECIP12
          2 |C                .      .    .                                       .
          3 |C SUBPROGRAM:    ADDPRECIP12
          4 |C   PRGMMR: MANIKIN        ORG: W/NP22     DATE:  07-03-07
          5 |C
          6 |C ABSTRACT: PRODUCES 12-HOUR TOTAL AND CONVECTIVE PRECIPITATION BUCKETS
          7 |C              AS WELL AS SNOWFALL ON THE ETA NATIVE GRID FOR SMARTINIT
          8 |C
          9 |C PROGRAM HISTORY LOG:
         10 |C   07-03-07  GEOFF MANIKIN
         11 |C
         12 |C REMARKS:
         13 |
         14 |C ATTRIBUTES:
         15 |C   LANGUAGE: FORTRAN-90
         16 |C   MACHINE:  CRAY C-90
         17 |C$$$
         18 |      INCLUDE "parmnam"
  1       1 |      PARAMETER(ILIM=954,JLIM=835,MAXLEV=60)
         19 |      PARAMETER(ITOT=ILIM*JLIM)
         20 |      DIMENSION GRID(ITOT),DIFF(5)
         21 |      DIMENSION INCDAT(8),JNCDAT(8)
         22 |      INTEGER JPDS(200),JGDS(200),KPDS(200),KGDS(200)
         23 |      INTEGER LEVS(MAXLEV),IVAR(5)
         24 |      INTEGER FHR1, FHR2, FHR3, FHR4, FHR0
         25 |      LOGICAL*1 MASK(ITOT), MASK2(ITOT)
         26 |C
         27 |      PARAMETER(MBUF=2000000,JF=1000000)
         28 |      CHARACTER CBUF(MBUF)
         29 |      CHARACTER CBUF2(MBUF)
         30 |      CHARACTER*11 ENVVAR
         31 |      CHARACTER*80 FNAME
         32 |      LOGICAL*1 LB(JF)
         33 |      REAL F(JF)
         34 |      PARAMETER(MSK1=32000,MSK2=4000)
         35 |      INTEGER JENS(200),KENS(200)
         36 |      DIMENSION APCP1(ITOT),APCP2(ITOT),APCP3(ITOT),
         37 |     &     APCP4(ITOT),APCP12HR(ITOT)
         38 |      DIMENSION CAPCP1(ITOT),CAPCP2(ITOT),CAPCP3(ITOT),
         39 |     &     CAPCP4(ITOT),CAPCP12HR(ITOT)
         40 |      DIMENSION SNOW1(ITOT),SNOW2(ITOT),SNOW3(ITOT),
         41 |     &     SNOW4(ITOT),SNOW12HR(ITOT)
         42 |
         43 |C
         44 |      READ (5,*) FHR1, FHR2, FHR3, FHR4
         45 |      print *, 'fhr1 fhr2 fhr3 fhr4 ', FHR1, FHR2, FHR3, FHR4
         46 |      FHR0=FHR1-3
         47 |      NUMLEV=MAXLEV
         48 |C
         49 |      LUGB=13
         50 |      LUGI=14
         51 |      LUGB2=15
         52 |      LUGI2=16
         53 |      LUGB3=17
         54 |      LUGI3=18
         55 |      LUGB4=19
         56 |      LUGI4=20
         57 |      LUGB5=50
         58 |      LUGB6=51
         59 |      LUGB7=52
         60 |C
         61 |      JJ1 = 1
         62 |      JJINC = 1
         63 |C
         64 |      ISTAT = 0
         65 |C
         66 |C  READ INDEX FILE TO GET GRID SPECS
         67 |C
         68 |      IRGI = 1
         69 |      IRGS = 1
         70 |      KMAX = 0
         71 |      JR=0
         72 |      KSKIP = 0
         73 |      ENVVAR='XLFUNIT_   '
         74 |      WRITE(ENVVAR(9:10),FMT='(I2)') LUGB
         75 |      CALL GETENV(ENVVAR,FNAME)
         76 |      CALL BAOPEN(LUGB,FNAME,IRETGB)
         77 |      ENVVAR='XLFUNIT_   '
         78 |      WRITE(ENVVAR(9:10),FMT='(I2)') LUGI
         79 |      CALL GETENV(ENVVAR,FNAME)
         80 |      CALL BAOPEN(LUGI,FNAME,IRETGI)
         81 |      CALL GETGI(LUGI,KSKIP,MBUF,CBUF,NLEN,NNUM,IRGI)
         82 |      write(6,*)' IRET FROM GETGI ',IRGI
         83 |      IF(IRGI .NE. 0) THEN
         84 |        WRITE(6,*)' PROBLEMS READING GRIB INDEX FILE SO ABORT'
         85 |        ISTAT = IRGI
         86 |        RETURN
         87 |      ENDIF
         88 |c      REWIND LUGI
         89 |
         90 |C
         91 |      DO K = 1, NNUM
         92 |        JR = K - 1
         93 |        JPDS = -1
         94 |        JGDS = -1
         95 |        CALL GETGB1S(CBUF,NLEN,NNUM,JR,JPDS,JGDS,JENS,
         96 |     &               KR,KPDS,KGDS,KENS,LSKIP,LGRIB,IRGS)
         97 |        write(6,*)' IRET FROM GETGB1S FILE 1',IRGS
         98 |        IF(IRGI .NE. 0) THEN
         99 |          WRITE(6,*)' PROBLEMS ON 1ST READ OF GRIB FILE SO ABORT'
        100 |          ISTAT = IRGS
        101 |          RETURN
        102 |        ENDIF
        103 |C
        104 |      ENDDO
        105 |
        106 |C    GET GRID NUMBER FROM PDS
        107 |C
        108 |      IGDNUM = KPDS(3)
        109 |C
        110 |C   PROCESS THE GRIB FILE
        111 |C
        112 |      IMAX = KGDS(2)
        113 |      JMAX = KGDS(3)
        114 |      NUMVAL = IMAX*JMAX
        115 |      KMAX = MAXLEV
        116 |      WRITE(6,280) IMAX,JMAX,NUMLEV,KMAX
        117 |  280 FORMAT(' IMAX,JMAX,NUMLEV,KMAX ',5I4)
        118 |  285 FORMAT(' IV, IVAR, L, IRET:  ',4I5)
        119 |
        120 |C -== GET SURFACE FIELDS ==-
        121 |      L = 0
        122 |      IV= 0
        123 |
        124 |C   PRECIP
        125 |
        126 |c   to start each new file with its index, set J=-1 for sfc pressure
        127 |C
        128 |      J = 0
        129 |      JPDS = -1
        130 |      JPDS(3) = IGDNUM
        131 |      JPDS(5) = 061
        132 |      JPDS(6) = 001
        133 |      JPDS(13) = 1
        134 |      CALL GETGB(LUGB,LUGI,NUMVAL,J,JPDS,JGDS,KF,K,
        135 |     X           KPDS,KGDS,MASK,GRID,IRET)
        136 |      IF(IRET.EQ.0) THEN
        137 |        II = 1
        138 |        JJ = JJ1
        139 |        DO KK = 1, ITOT
        140 |          APCP1(KK) = GRID(KK)
        141 |        ENDDO
        142 |      ELSE
        143 |        WRITE(6,285)IV,JPDS(5),L,IRET
        144 |        WRITE(6,*)' COULD NOT UNPACK PRECIP IN 1ST FILE '
        145 |         ISTAT = IRET
        146 |        RETURN
        147 |      ENDIF
        148 |
        149 |C   PRECIP
        150 |
        151 |C  CONVECTIVE PRECIP
        152 |      J = 0
        153 |      JPDS = -1
        154 |      JPDS(3) = IGDNUM
        155 |      JPDS(5) = 063
        156 |      JPDS(6) = 001
        157 |      JPDS(13) = 1
        158 |      CALL GETGB(LUGB,LUGI,NUMVAL,J,JPDS,JGDS,KF,K,
        159 |     X           KPDS,KGDS,MASK,GRID,IRET)
        160 |
        161 |      IF(IRET.EQ.0) THEN
        162 |        II = 1
        163 |        JJ = JJ1
        164 |        DO KK = 1, ITOT
        165 |          CAPCP1(KK) = GRID(KK)
        166 |        ENDDO
        167 |      ELSE
        168 |        WRITE(6,285)IV,JPDS(5),L,IRET
        169 |        WRITE(6,*)' COULD NOT UNPACK CNVCT PRECIP IN 1ST FILE'
        170 |         ISTAT = IRET
        171 |        RETURN
        172 |      ENDIF
        173 |
        174 |C  SNOWFALL
        175 |      J = 0
        176 |      JPDS = -1
        177 |      JPDS(3) = IGDNUM
        178 |      JPDS(5) = 065
        179 |      JPDS(6) = 001
        180 |      JPDS(14) = FHR0
        181 |      JPDS(15) = FHR1
        182 |
        183 |      CALL GETGB(LUGB,LUGI,NUMVAL,J,JPDS,JGDS,KF,K,
        184 |     X           KPDS,KGDS,MASK,GRID,IRET)
        185 |      IF(IRET.EQ.0) THEN
        186 |        II = 1
        187 |        JJ = JJ1
        188 |        DO KK = 1, ITOT
        189 |          SNOW1(KK) = GRID(KK)
        190 |        ENDDO
        191 |      ELSE
        192 |        WRITE(6,285)IV,JPDS(5),L,IRET
        193 |        WRITE(6,*)' COULD NOT UNPACK SNOW IN 1ST FILE'
        194 |         ISTAT = IRET
        195 |        RETURN
        196 |      ENDIF
        197 |
        198 |C  PRINT VALUES AT POINT IN MIDDLE OF GRID
        199 |
        200 |C BEGIN WORK ON 2ND FILE
        201 |      JJ1 = 1
        202 |      JJINC = 1
        203 |
        204 |C  READ INDEX FILE TO GET GRID SPECS
        205 |C
        206 |      IRGI = 1
        207 |      IRGS = 1
        208 |      KMAX = 0
        209 |      JR=0
        210 |      KSKIP = 0
        211 |      WRITE(ENVVAR(9:10),FMT='(I2)') LUGB2
        212 |      CALL GETENV(ENVVAR,FNAME)
        213 |      CALL BAOPEN(LUGB2,FNAME,IRETGB2)
        214 |      WRITE(ENVVAR(9:10),FMT='(I2)') LUGI2
        215 |      CALL GETENV(ENVVAR,FNAME)
        216 |      CALL BAOPEN(LUGI2,FNAME,IRETGI2)
        217 |      CALL GETGI(LUGI2,KSKIP,MBUF,CBUF2,NLEN,NNUM,IRGI)
        218 |      IF(IRGI .NE. 0) THEN
        219 |        WRITE(6,*)' PROBLEMS READING GRIB INDEX FILE SO ABORT'
        220 |        ISTAT = IRGI
        221 |        RETURN
        222 |      ENDIF
        223 |c      REWIND LUGI2
        224 |
        225 |      DO K = 1, NNUM
        226 |        JR = K - 1
        227 |        JPDS = -1
        228 |        JGDS = -1
        229 |        CALL GETGB1S(CBUF2,NLEN,NNUM,JR,JPDS,JGDS,JENS,
        230 |     &               KR,KPDS,KGDS,KENS,LSKIP,LGRIB,IRGS)
        231 |        write(6,*)' IRET FROM GETGB1S FILE 2',IRGS
        232 |        IF(IRGI .NE. 0) THEN
        233 |          WRITE(6,*)' PROBLEMS ON 1ST READ OF GRIB FILE SO ABORT'
        234 |          ISTAT = IRGS
        235 |          RETURN
        236 |        ENDIF
        237 |C
        238 |      ENDDO
        239 |
        240 |C   ACCUMULATED PRECIP
        241 |
        242 |      L = 0
        243 |      IV= 0
        244 |c   to start each new file with its index, set J=-1 for sfc pressure
        245 |C
        246 |C
        247 |      J = -1
        248 |      JPDS = -1
        249 |      JPDS(3) = IGDNUM
        250 |      JPDS(5) = 061
        251 |      JPDS(6) = 001
        252 |      JPDS(13) = 1
        253 |      CALL GETGB(LUGB2,LUGI2,NUMVAL,J,JPDS,JGDS,KF,K,
        254 |     X           KPDS,KGDS,MASK2,GRID,IRET)
        255 |      IF(IRET.EQ.0) THEN
        256 |        II = 1
        257 |        JJ = JJ1
        258 |        DO KK = 1, ITOT
        259 |          APCP2(KK) = GRID(KK)
        260 |        ENDDO
        261 |      ELSE
        262 |        WRITE(6,285)IV,JPDS(5),L,IRET
        263 |        WRITE(6,*)' COULD NOT UNPACK PCP 2ND GRID FILE '
        264 |         ISTAT = IRET
        265 |        RETURN
        266 |      ENDIF
        267 |
        268 |C   ACCUMULATED CONVECTIVE PRECIP
        269 |      J = -1
        270 |      JPDS = -1
        271 |      JPDS(3) = IGDNUM
        272 |      JPDS(5) = 063
        273 |      JPDS(6) = 001
        274 |      JPDS(13) = 1
        275 |      CALL GETGB(LUGB2,LUGI2,NUMVAL,J,JPDS,JGDS,KF,K,
        276 |     X           KPDS,KGDS,MASK2,GRID,IRET)
        277 |      IF(IRET.EQ.0) THEN
        278 |        II = 1
        279 |        JJ = JJ1
        280 |        DO KK = 1, ITOT
        281 |          CAPCP2(KK) = GRID(KK)
        282 |        ENDDO
        283 |      ELSE
        284 |        WRITE(6,285)IV,JPDS(5),L,IRET
        285 |        WRITE(6,*)' COULD NOT UNPACK CPCP 2ND GRID FILE '
        286 |         ISTAT = IRET
        287 |        RETURN
        288 |      ENDIF
        289 |
        290 |C   SNOWFALL
        291 |      J = -1
        292 |      JPDS = -1
        293 |      JPDS(3) = IGDNUM
        294 |      JPDS(5) = 065
        295 |      JPDS(6) = 001
        296 |      JPDS(14) = FHR1
        297 |      JPDS(15) = FHR2
        298 |      CALL GETGB(LUGB2,LUGI2,NUMVAL,J,JPDS,JGDS,KF,K,
        299 |     X           KPDS,KGDS,MASK2,GRID,IRET)
        300 |      IF(IRET.EQ.0) THEN
        301 |        II = 1
        302 |        JJ = JJ1
        303 |        DO KK = 1, ITOT
        304 |          SNOW2(KK) = GRID(KK)
        305 |        ENDDO
        306 |      ELSE
        307 |        WRITE(6,285)IV,JPDS(5),L,IRET
        308 |        WRITE(6,*)' COULD NOT UNPACK SNOW 2ND GRID FILE '
        309 |         ISTAT = IRET
        310 |        RETURN
        311 |      ENDIF
        312 |
        313 |C BEGIN WORK ON 3RD FILE
        314 |      JJ1 = 1
        315 |      JJINC = 1
        316 |
        317 |C  READ INDEX FILE TO GET GRID SPECS
        318 |C
        319 |      IRGI = 1
        320 |      IRGS = 1
        321 |      KMAX = 0
        322 |      JR=0
        323 |      KSKIP = 0
        324 |      WRITE(ENVVAR(9:10),FMT='(I2)') LUGB3
        325 |      CALL GETENV(ENVVAR,FNAME)
        326 |      CALL BAOPEN(LUGB3,FNAME,IRETGB3)
        327 |      WRITE(ENVVAR(9:10),FMT='(I2)') LUGI3
        328 |      CALL GETENV(ENVVAR,FNAME)
        329 |      CALL BAOPEN(LUGI3,FNAME,IRETGI3)
        330 |      CALL GETGI(LUGI3,KSKIP,MBUF,CBUF2,NLEN,NNUM,IRGI)
        331 |      IF(IRGI .NE. 0) THEN
        332 |        WRITE(6,*)' PROBLEMS READING GRIB INDEX FILE SO ABORT'
        333 |        ISTAT = IRGI
        334 |        RETURN
        335 |      ENDIF
        336 |
        337 |      DO K = 1, NNUM
        338 |        JR = K - 1
        339 |        JPDS = -1
        340 |        JGDS = -1
        341 |        CALL GETGB1S(CBUF2,NLEN,NNUM,JR,JPDS,JGDS,JENS,
        342 |     &               KR,KPDS,KGDS,KENS,LSKIP,LGRIB,IRGS)
        343 |        write(6,*)' IRET FROM GETGB1S FILE 3',IRGS
        344 |        IF(IRGI .NE. 0) THEN
        345 |          WRITE(6,*)' PROBLEMS ON 1ST READ OF GRIB FILE SO ABORT'
        346 |          ISTAT = IRGS
        347 |          RETURN
        348 |        ENDIF
        349 |      ENDDO
        350 |
        351 |C   ACCUMULATED PRECIP
        352 |
        353 |
        354 |      J = -1
        355 |      JPDS = -1
        356 |      JPDS(3) = IGDNUM
        357 |      JPDS(5) = 033
        358 |      JPDS(13) = 1
        359 |      CALL GETGB(LUGB3,LUGI3,NUMVAL,J,JPDS,JGDS,KF,K,
        360 |     X           KPDS,KGDS,MASK2,GRID,IRET)
        361 |
        362 |       WRITE(6,285)IV,JPDS(5),L,IRET,K
        363 |
        364 |      J = -1
        365 |      JPDS = -1
        366 |c      JPDS(3) = IGDNUM
        367 |c      JPDS(5) = 061
        368 |c      JPDS(6) = 001
        369 |c      JPDS(13) = 1
        370 |      J=1
        371 |      CALL GETGB(LUGB3,LUGI3,NUMVAL,J,JPDS,JGDS,KF,K,
        372 |     X           KPDS,KGDS,MASK2,GRID,IRET)
        373 |
        374 |      J = -1
        375 |      JPDS = -1
        376 |      JPDS(3) = IGDNUM
        377 |      JPDS(5) = 061
        378 |      JPDS(6) = 001
        379 |      JPDS(13) = 1
        380 |c      J=1000
        381 |      CALL GETGB(LUGB3,LUGI3,NUMVAL,J,JPDS,JGDS,KF,K,
        382 |     X           KPDS,KGDS,MASK2,GRID,IRET)
        383 |
        384 |      IF(IRET.EQ.0) THEN
        385 |        II = 1
        386 |        JJ = JJ1
        387 |        DO KK = 1, ITOT
        388 |          APCP3(KK) = GRID(KK)
        389 |        ENDDO
        390 |      ELSE
        391 |        WRITE(6,285)IV,JPDS(5),L,IRET
        392 |        WRITE(6,*)' COULD NOT UNPACK PCP 3RD GRID FILE '
        393 |         ISTAT = IRET
        394 |c        RETURN
        395 |      ENDIF
        396 |
        397 |C   ACCUMULATED CONVECTIVE PRECIP
        398 |      J = -1
        399 |      JPDS = -1
        400 |      JPDS(3) = IGDNUM
        401 |      JPDS(5) = 063
        402 |      JPDS(6) = 001
        403 |      JPDS(13) = 1
        404 |      CALL GETGB(LUGB3,LUGI3,NUMVAL,J,JPDS,JGDS,KF,K,
        405 |     X           KPDS,KGDS,MASK2,GRID,IRET)
        406 |      IF(IRET.EQ.0) THEN
        407 |        II = 1
        408 |        JJ = JJ1
        409 |        DO KK = 1, ITOT
        410 |          CAPCP3(KK) = GRID(KK)
        411 |        ENDDO
        412 |      ELSE
        413 |        WRITE(6,285)IV,JPDS(5),L,IRET
        414 |        WRITE(6,*)' COULD NOT UNPACK CPCP 3RD GRID FILE '
        415 |         ISTAT = IRET
        416 |        RETURN
        417 |      ENDIF
        418 |
        419 |C   SNOWFALL
        420 |      J = -1
        421 |      JPDS = -1
        422 |      JPDS(3) = IGDNUM
        423 |      JPDS(5) = 065
        424 |      JPDS(6) = 001
        425 |      JPDS(14) = FHR2
        426 |      JPDS(15) = FHR3
        427 |      CALL GETGB(LUGB3,LUGI3,NUMVAL,J,JPDS,JGDS,KF,K,
        428 |     X           KPDS,KGDS,MASK2,GRID,IRET)
        429 |      IF(IRET.EQ.0) THEN
        430 |        II = 1
        431 |        JJ = JJ1
        432 |        DO KK = 1, ITOT
        433 |          SNOW3(KK) = GRID(KK)
        434 |        ENDDO
        435 |      ELSE
        436 |        WRITE(6,285)IV,JPDS(5),L,IRET
        437 |        WRITE(6,*)' COULD NOT UNPACK SNOW 3RD GRID FILE '
        438 |         ISTAT = IRET
        439 |        RETURN
        440 |      ENDIF
        441 |
        442 |C BEGIN WORK ON 4TH FILE
        443 |      JJ1 = 1
        444 |      JJINC = 1
        445 |
        446 |C  READ INDEX FILE TO GET GRID SPECS
        447 |C
        448 |      IRGI = 1
        449 |      IRGS = 1
        450 |      KMAX = 0
        451 |      JR=0
        452 |      KSKIP = 0
        453 |      WRITE(ENVVAR(9:10),FMT='(I2)') LUGB4
        454 |      CALL GETENV(ENVVAR,FNAME)
        455 |      CALL BAOPEN(LUGB4,FNAME,IRETGB4)
        456 |      WRITE(ENVVAR(9:10),FMT='(I2)') LUGI4
        457 |      CALL GETENV(ENVVAR,FNAME)
        458 |      CALL BAOPEN(LUGI4,FNAME,IRETGI4)
        459 |      CALL GETGI(LUGI4,KSKIP,MBUF,CBUF2,NLEN,NNUM,IRGI)
        460 |      IF(IRGI .NE. 0) THEN
        461 |        WRITE(6,*)' PROBLEMS READING GRIB INDEX FILE SO ABORT'
        462 |        ISTAT = IRGI
        463 |        RETURN
        464 |      ENDIF
        465 |
        466 |      DO K = 1, NNUM
        467 |        JR = K - 1
        468 |        JPDS = -1
        469 |        JGDS = -1
        470 |        CALL GETGB1S(CBUF2,NLEN,NNUM,JR,JPDS,JGDS,JENS,
        471 |     &               KR,KPDS,KGDS,KENS,LSKIP,LGRIB,IRGS)
        472 |        write(6,*)' IRET FROM GETGB1S FILE 4',IRGS
        473 |        IF(IRGI .NE. 0) THEN
        474 |          WRITE(6,*)' PROBLEMS ON 1ST READ OF GRIB FILE SO ABORT'
        475 |          ISTAT = IRGS
        476 |          RETURN
        477 |        ENDIF
        478 |      ENDDO
        479 |
        480 |C   ACCUMULATED PRECIP
        481 |
        482 |      J = -1
        483 |      JPDS = -1
        484 |      JPDS(3) = IGDNUM
        485 |      JPDS(5) = 061
        486 |      JPDS(6) = 001
        487 |      JPDS(13) = 1
        488 |      CALL GETGB(LUGB4,LUGI4,NUMVAL,J,JPDS,JGDS,KF,K,
        489 |     X           KPDS,KGDS,MASK2,GRID,IRET)
        490 |      IF(IRET.EQ.0) THEN
        491 |        II = 1
        492 |        JJ = JJ1
        493 |        DO KK = 1, ITOT
        494 |          APCP4(KK) = GRID(KK)
        495 |        ENDDO
        496 |      ELSE
        497 |        WRITE(6,285)IV,JPDS(5),IRET
        498 |        WRITE(6,*)' COULD NOT UNPACK PCP 4TH GRID FILE '
        499 |         ISTAT = IRET
        500 |        RETURN
        501 |      ENDIF
        502 |
        503 |C   ACCUMULATED CONVECTIVE PRECIP
        504 |      J = -1
        505 |      JPDS = -1
        506 |      JPDS(3) = IGDNUM
        507 |      JPDS(5) = 063
        508 |      JPDS(6) = 001
        509 |      JPDS(13) = 1
        510 |      CALL GETGB(LUGB4,LUGI4,NUMVAL,J,JPDS,JGDS,KF,K,
        511 |     X           KPDS,KGDS,MASK2,GRID,IRET)
        512 |      IF(IRET.EQ.0) THEN
        513 |        II = 1
        514 |        JJ = JJ1
        515 |        DO KK = 1, ITOT
        516 |          CAPCP4(KK) = GRID(KK)
        517 |        ENDDO
        518 |      ELSE
        519 |        WRITE(6,285)IV,JPDS(5),L,IRET
        520 |        WRITE(6,*)' COULD NOT UNPACK CPCP 4TH GRID FILE '
        521 |         ISTAT = IRET
        522 |        RETURN
        523 |      ENDIF
        524 |
        525 |C   SNOWFALL
        526 |      J = -1
        527 |      JPDS = -1
        528 |      JPDS(3) = IGDNUM
        529 |      JPDS(5) = 065
        530 |      JPDS(6) = 001
        531 |      JPDS(14) = FHR3
        532 |      JPDS(15) = FHR4
        533 |      CALL GETGB(LUGB4,LUGI4,NUMVAL,J,JPDS,JGDS,KF,K,
        534 |     X           KPDS,KGDS,MASK2,GRID,IRET)
        535 |      IF(IRET.EQ.0) THEN
        536 |        II = 1
        537 |        JJ = JJ1
        538 |        DO KK = 1, ITOT
        539 |          SNOW4(KK) = GRID(KK)
        540 |        ENDDO
        541 |      ELSE
        542 |        WRITE(6,285)IV,JPDS(5),L,IRET
        543 |        WRITE(6,*)' COULD NOT UNPACK SNOW 4TH GRID FILE '
        544 |         ISTAT = IRET
        545 |        RETURN
        546 |      ENDIF
        547 |
        548 |       DO K = 1, ITOT
        549 |          APCP12HR(K)=APCP1(K)+APCP2(K)+APCP3(K)+APCP4(K)
        550 |          CAPCP12HR(K)=CAPCP1(K)+CAPCP2(K)+CAPCP3(K)+CAPCP4(K)
        551 |          SNOW12HR(K)=SNOW1(K)+SNOW2(K)+SNOW3(K)+SNOW4(K)
        552 |       ENDDO
        553 |
        554 |      KPDS(5)=61
        555 |      KPDS(14)=FHR0
        556 |      KPDS(15)=FHR4
        557 |      ENVVAR='XLFUNIT_   '
        558 |      WRITE(ENVVAR(9:10),FMT='(I2)') LUGB5
        559 |      CALL GETENV(ENVVAR,FNAME)
        560 |      CALL BAOPEN(LUGB5,FNAME,IRET)
        561 |      CALL PUTGB(LUGB5,ITOT,KPDS,KGDS,MASK2,APCP12HR,IRET)
        562 |      CALL BACLOSE(LUGB5,IRET)
        563 |
        564 |      KPDS(5)=63
        565 |      KPDS(14)=FHR0
        566 |      KPDS(15)=FHR4
        567 |      ENVVAR='XLFUNIT_   '
        568 |      WRITE(ENVVAR(9:10),FMT='(I2)') LUGB6
        569 |      CALL GETENV(ENVVAR,FNAME)
        570 |      CALL BAOPEN(LUGB6,FNAME,IRET)
        571 |      CALL PUTGB(LUGB6,ITOT,KPDS,KGDS,MASK2,CAPCP12HR,IRET)
        572 |      CALL BACLOSE(LUGB6,IRET)
        573 |
        574 |      KPDS(5)=65
        575 |      KPDS(14)=FHR0
        576 |      KPDS(15)=FHR4
        577 |      ENVVAR='XLFUNIT_   '
        578 |      WRITE(ENVVAR(9:10),FMT='(I2)') LUGB7
        579 |      CALL GETENV(ENVVAR,FNAME)
        580 |      CALL BAOPEN(LUGB7,FNAME,IRET)
        581 |      CALL PUTGB(LUGB7,ITOT,KPDS,KGDS,MASK2,SNOW12HR,IRET)
        582 |      CALL BACLOSE(LUGB7,IRET)
        583 |      STOP
        584 |      END
 
>>>>> ATTRIBUTE AND CROSS REFERENCE SECTION <<<<<
 
 
 
IDENTIFIER NAME                  CROSS REFERENCE AND ATTRIBUTES
 
addprecip12                      Program
                                 0-1.16$
 
apcp1                            Automatic, Real(4) (1:796590), Offset: 0, Alignment: full word
                                 0-36.17$  0-140.11@  0-549.23
 
apcp12hr                         Automatic, Real(4) (1:796590), Offset: 0, Alignment: full word
                                 0-37.24$  0-549.11@  0-561.45
 
apcp2                            Automatic, Real(4) (1:796590), Offset: 0, Alignment: full word
                                 0-36.29$  0-259.11@  0-549.32
 
apcp3                            Automatic, Real(4) (1:796590), Offset: 0, Alignment: full word
                                 0-36.41$  0-388.11@  0-549.41
 
apcp4                            Automatic, Real(4) (1:796590), Offset: 0, Alignment: full word
                                 0-37.12$  0-494.11@  0-549.50
 
baclose                          External Subroutine
                                 0-562.12  0-572.12  0-582.12
 
baopen                           External Subroutine
                                 0-76.12  0-80.12  0-213.12  0-216.12  0-326.12  0-329.12  0-455.12  0-458.12  0-560.12  0-570.12
                                 0-580.12
 
capcp1                           Automatic, Real(4) (1:796590), Offset: 0, Alignment: full word
                                 0-38.17$  0-165.11@  0-550.24
 
capcp12hr                        Automatic, Real(4) (1:796590), Offset: 0, Alignment: full word
                                 0-39.25$  0-550.11@  0-571.45
 
capcp2                           Automatic, Real(4) (1:796590), Offset: 0, Alignment: full word
                                 0-38.30$  0-281.11@  0-550.34
 
capcp3                           Automatic, Real(4) (1:796590), Offset: 0, Alignment: full word
                                 0-38.43$  0-410.11@  0-550.44
 
capcp4                           Automatic, Real(4) (1:796590), Offset: 0, Alignment: full word
                                 0-39.12$  0-516.11@  0-550.54
 
cbuf                             Automatic, Character(1) (1:2000000), Offset: 0, Alignment: full word
                                 0-28.17$  0-81.34  0-95.22
 
cbuf2                            Automatic, Character(1) (1:2000000), Offset: 0, Alignment: full word
                                 0-29.17$  0-217.35  0-229.22  0-330.35  0-341.22  0-459.35  0-470.22
 
diff                             Automatic, Real(4) (1:5), Offset: 0, Alignment: full word
                                 0-20.28$
 
envvar                           Automatic, Character(11), Offset: 0, Alignment: full word
                                 0-30.20$  0-73.7@  0-74.13  0-75.19  0-77.7@  0-78.13  0-79.19  0-211.13  0-212.19  0-214.13
                                 0-215.19  0-324.13  0-325.19  0-327.13  0-328.19  0-453.13  0-454.19  0-456.13  0-457.19  0-557.7@
                                 0-558.13  0-559.19  0-567.7@  0-568.13  0-569.19  0-577.7@  0-578.13  0-579.19
 
f                                Automatic, Real(4) (1:1000000), Offset: 0, Alignment: full word
                                 0-33.12$
 
fhr0                             Automatic, Integer(4), Offset: 0, Alignment: full word
                                 0-24.39$  0-46.7@  0-180.18  0-555.16  0-565.16  0-575.16
 
fhr1                             Automatic, Integer(4), Offset: 0, Alignment: full word
                                 0-24.15$  0-44.18@  0-45.40  0-46.12  0-181.18  0-296.18
 
fhr2                             Automatic, Integer(4), Offset: 0, Alignment: full word
                                 0-24.21$  0-44.24@  0-45.46  0-297.18  0-425.18
 
fhr3                             Automatic, Integer(4), Offset: 0, Alignment: full word
                                 0-24.27$  0-44.30@  0-45.52  0-426.18  0-531.18
 
fhr4                             Automatic, Integer(4), Offset: 0, Alignment: full word
                                 0-24.33$  0-44.36@  0-45.58  0-532.18  0-556.16  0-566.16  0-576.16
 
fname                            Automatic, Character(80), Offset: 0, Alignment: full word
                                 0-31.20$  0-75.26  0-76.24  0-79.26  0-80.24  0-212.26  0-213.25  0-215.26  0-216.25  0-325.26
                                 0-326.25  0-328.26  0-329.25  0-454.26  0-455.25  0-457.26  0-458.25  0-559.26  0-560.25  0-569.26
                                 0-570.25  0-579.26  0-580.25
 
getenv                           Intrinsic
                                 0-75.12  0-79.12  0-212.12  0-215.12  0-325.12  0-328.12  0-454.12  0-457.12  0-559.12  0-569.12
                                 0-579.12
 
getgb                            External Subroutine
                                 0-134.12  0-158.12  0-183.12  0-253.12  0-275.12  0-298.12  0-359.12  0-371.12  0-381.12  0-404.12
                                 0-427.12  0-488.12  0-510.12  0-533.12
 
getgb1s                          External Subroutine
                                 0-95.14  0-229.14  0-341.14  0-470.14
 
getgi                            External Subroutine
                                 0-81.12  0-217.12  0-330.12  0-459.12
 
grid                             Automatic, Real(4) (1:796590), Offset: 0, Alignment: full word
                                 0-20.17$  0-135.33  0-140.23  0-159.33  0-165.24  0-184.33  0-189.23  0-254.34  0-259.23  0-276.34
                                 0-281.24  0-299.34  0-304.23  0-360.34  0-372.34  0-382.34  0-388.23  0-405.34  0-410.24  0-428.34
                                 0-433.23  0-489.34  0-494.23  0-511.34  0-516.24  0-534.34  0-539.23
 
igdnum                           Automatic, Integer(4), Offset: 0, Alignment: full word
                                 0-108.7@  0-130.17  0-154.17  0-177.17  0-249.17  0-271.17  0-293.17  0-356.17  0-376.17  0-400.17
                                 0-422.17  0-484.17  0-506.17  0-528.17
 
ii                               Automatic, Integer(4), Offset: 0, Alignment: full word
                                 0-137.9@  0-162.9@  0-186.9@  0-256.9@  0-278.9@  0-301.9@  0-385.9@  0-407.9@  0-430.9@  0-491.9@
                                 0-513.9@  0-536.9@
 
ilim                             Parameter, Integer(4)
                                 1-1.17$  0-19.22
 
imax                             Automatic, Integer(4), Offset: 0, Alignment: full word
                                 0-112.7@  0-114.16  0-116.20
 
incdat                           Automatic, Integer(4) (1:8), Offset: 0, Alignment: full word
                                 0-21.17$
 
iret                             Automatic, Integer(4), Offset: 0, Alignment: full word
                                 0-135.38  0-136.10  0-143.34  0-145.18  0-159.38  0-161.10  0-168.34  0-170.18  0-184.38  0-185.10
                                 0-192.34  0-194.18  0-254.39  0-255.10  0-262.34  0-264.18  0-276.39  0-277.10  0-284.34  0-286.18
                                 0-299.39  0-300.10  0-307.34  0-309.18  0-360.39  0-362.33  0-372.39  0-382.39  0-384.10  0-391.34
                                 0-393.18  0-405.39  0-406.10  0-413.34  0-415.18  0-428.39  0-429.10  0-436.34  0-438.18  0-489.39
                                 0-490.10  0-497.32  0-499.18  0-511.39  0-512.10  0-519.34  0-521.18  0-534.39  0-535.10  0-542.34
                                 0-544.18  0-560.31  0-561.54  0-562.26  0-570.31  0-571.55  0-572.26  0-580.31  0-581.54  0-582.26
 
iretgb                           Automatic, Integer(4), Offset: 0, Alignment: full word
                                 0-76.30
 
iretgb2                          Automatic, Integer(4), Offset: 0, Alignment: full word
                                 0-213.31
 
iretgb3                          Automatic, Integer(4), Offset: 0, Alignment: full word
                                 0-326.31
 
iretgb4                          Automatic, Integer(4), Offset: 0, Alignment: full word
                                 0-455.31
 
iretgi                           Automatic, Integer(4), Offset: 0, Alignment: full word
                                 0-80.30
 
iretgi2                          Automatic, Integer(4), Offset: 0, Alignment: full word
                                 0-216.31
 
iretgi3                          Automatic, Integer(4), Offset: 0, Alignment: full word
                                 0-329.31
 
iretgi4                          Automatic, Integer(4), Offset: 0, Alignment: full word
                                 0-458.31
 
irgi                             Automatic, Integer(4), Offset: 0, Alignment: full word
                                 0-68.7@  0-81.49  0-82.37  0-83.10  0-85.17  0-98.12  0-206.7@  0-217.51  0-218.10  0-220.17
                                 0-232.12  0-319.7@  0-330.51  0-331.10  0-333.17  0-344.12  0-448.7@  0-459.51  0-460.10  0-462.17
                                 0-473.12
 
irgs                             Automatic, Integer(4), Offset: 0, Alignment: full word
                                 0-69.7@  0-96.52  0-97.47  0-100.19  0-207.7@  0-230.52  0-231.47  0-234.19  0-320.7@  0-342.52
                                 0-343.47  0-346.19  0-449.7@  0-471.52  0-472.47  0-475.19
 
istat                            Automatic, Integer(4), Offset: 0, Alignment: full word
                                 0-64.7@  0-85.9@  0-100.11@  0-145.10@  0-170.10@  0-194.10@  0-220.9@  0-234.11@  0-264.10@
                                 0-286.10@  0-309.10@  0-333.9@  0-346.11@  0-393.10@  0-415.10@  0-438.10@  0-462.9@  0-475.11@
                                 0-499.10@  0-521.10@  0-544.10@
 
itot                             Parameter, Integer(4)
                                 0-19.17$  0-20.22  0-25.22  0-25.35  0-36.23  0-36.35  0-36.47  0-37.18  0-37.33  0-38.24  0-38.37
                                 0-38.50  0-39.19  0-39.35  0-40.23  0-40.35  0-40.47  0-41.18  0-41.33  0-139.20  0-164.20
                                 0-188.20  0-258.20  0-280.20  0-303.20  0-387.20  0-409.20  0-432.20  0-493.20  0-515.20  0-538.20
                                 0-548.18  0-561.24  0-571.24  0-581.24
 
iv                               Automatic, Integer(4), Offset: 0, Alignment: full word
                                 0-122.7@  0-143.21  0-168.21  0-192.21  0-243.7@  0-262.21  0-284.21  0-307.21  0-362.20  0-391.21
                                 0-413.21  0-436.21  0-497.21  0-519.21  0-542.21
 
ivar                             Automatic, Integer(4) (1:5), Offset: 0, Alignment: full word
                                 0-23.28$
 
j                                Automatic, Integer(4), Offset: 0, Alignment: full word
                                 0-128.7@  0-134.35  0-152.7@  0-158.35  0-175.7@  0-183.35  0-247.7@  0-253.37  0-269.7@  0-275.37
                                 0-291.7@  0-298.37  0-354.7@  0-359.37  0-364.7@  0-370.7@  0-371.37  0-374.7@  0-381.37  0-398.7@
                                 0-404.37  0-420.7@  0-427.37  0-482.7@  0-488.37  0-504.7@  0-510.37  0-526.7@  0-533.37
 
jens                             Automatic, Integer(4) (1:200), Offset: 0, Alignment: full word
                                 0-35.15$  0-95.50  0-229.51  0-341.51  0-470.51
 
jf                               Parameter, Integer(4)
                                 0-27.30$  0-32.20  0-33.14
 
jgds                             Automatic, Integer(4) (1:200), Offset: 0, Alignment: full word
                                 0-22.25$  0-94.9@  0-95.45  0-134.42  0-158.42  0-183.42  0-228.9@  0-229.46  0-253.44  0-275.44
                                 0-298.44  0-340.9@  0-341.46  0-359.44  0-371.44  0-381.44  0-404.44  0-427.44  0-469.9@  0-470.46
                                 0-488.44  0-510.44  0-533.44
 
jj                               Automatic, Integer(4), Offset: 0, Alignment: full word
                                 0-138.9@  0-163.9@  0-187.9@  0-257.9@  0-279.9@  0-302.9@  0-386.9@  0-408.9@  0-431.9@  0-492.9@
                                 0-514.9@  0-537.9@
 
jj1                              Automatic, Integer(4), Offset: 0, Alignment: full word
                                 0-61.7@  0-138.14  0-163.14  0-187.14  0-201.7@  0-257.14  0-279.14  0-302.14  0-314.7@  0-386.14
                                 0-408.14  0-431.14  0-443.7@  0-492.14  0-514.14  0-537.14
 
jjinc                            Automatic, Integer(4), Offset: 0, Alignment: full word
                                 0-62.7@  0-202.7@  0-315.7@  0-444.7@
 
jlim                             Parameter, Integer(4)
                                 1-1.26$  0-19.27
 
jmax                             Automatic, Integer(4), Offset: 0, Alignment: full word
                                 0-113.7@  0-114.21  0-116.25
 
jncdat                           Automatic, Integer(4) (1:8), Offset: 0, Alignment: full word
                                 0-21.27$
 
jpds                             Automatic, Integer(4) (1:200), Offset: 0, Alignment: full word
                                 0-22.15$  0-93.9@  0-95.40  0-129.7@  0-130.7@  0-131.7@  0-132.7@  0-133.7@  0-134.37  0-143.24
                                 0-153.7@  0-154.7@  0-155.7@  0-156.7@  0-157.7@  0-158.37  0-168.24  0-176.7@  0-177.7@  0-178.7@
                                 0-179.7@  0-180.7@  0-181.7@  0-183.37  0-192.24  0-227.9@  0-229.41  0-248.7@  0-249.7@  0-250.7@
                                 0-251.7@  0-252.7@  0-253.39  0-262.24  0-270.7@  0-271.7@  0-272.7@  0-273.7@  0-274.7@  0-275.39
                                 0-284.24  0-292.7@  0-293.7@  0-294.7@  0-295.7@  0-296.7@  0-297.7@  0-298.39  0-307.24  0-339.9@
                                 0-341.41  0-355.7@  0-356.7@  0-357.7@  0-358.7@  0-359.39  0-362.23  0-365.7@  0-371.39  0-375.7@
                                 0-376.7@  0-377.7@  0-378.7@  0-379.7@  0-381.39  0-391.24  0-399.7@  0-400.7@  0-401.7@  0-402.7@
                                 0-403.7@  0-404.39  0-413.24  0-421.7@  0-422.7@  0-423.7@  0-424.7@  0-425.7@  0-426.7@  0-427.39
                                 0-436.24  0-468.9@  0-470.41  0-483.7@  0-484.7@  0-485.7@  0-486.7@  0-487.7@  0-488.39  0-497.24
                                 0-505.7@  0-506.7@  0-507.7@  0-508.7@  0-509.7@  0-510.39  0-519.24  0-527.7@  0-528.7@  0-529.7@
                                 0-530.7@  0-531.7@  0-532.7@  0-533.39  0-542.24
 
jr                               Automatic, Integer(4), Offset: 0, Alignment: full word
                                 0-71.7@  0-92.9@  0-95.37  0-209.7@  0-226.9@  0-229.38  0-322.7@  0-338.9@  0-341.38  0-451.7@
                                 0-467.9@  0-470.38
 
k                                Automatic, Integer(4), Offset: 0, Alignment: full word
                                 0-91.10@  0-92.14  0-134.50  0-158.50  0-183.50  0-225.10@  0-226.14  0-253.52  0-275.52  0-298.52
                                 0-337.10@  0-338.14  0-359.52  0-362.38  0-371.52  0-381.52  0-404.52  0-427.52  0-466.10@
                                 0-467.14  0-488.52  0-510.52  0-533.52  0-548.11@  0-549.20  0-549.29  0-549.38  0-549.47  0-549.56
                                 0-550.21  0-550.31  0-550.41  0-550.51  0-550.61  0-551.20  0-551.29  0-551.38  0-551.47  0-551.56
 
kens                             Automatic, Integer(4) (1:200), Offset: 0, Alignment: full word
                                 0-35.25$  0-96.35  0-230.35  0-342.35  0-471.35
 
kf                               Automatic, Integer(4), Offset: 0, Alignment: full word
                                 0-134.47  0-158.47  0-183.47  0-253.49  0-275.49  0-298.49  0-359.49  0-371.49  0-381.49  0-404.49
                                 0-427.49  0-488.49  0-510.49  0-533.49
 
kgds                             Automatic, Integer(4) (1:200), Offset: 0, Alignment: full word
                                 0-22.45$  0-96.30  0-112.14  0-113.14  0-135.23  0-159.23  0-184.23  0-230.30  0-254.23  0-276.23
                                 0-299.23  0-342.30  0-360.23  0-372.23  0-382.23  0-405.23  0-428.23  0-471.30  0-489.23  0-511.23
                                 0-534.23  0-561.34  0-571.34  0-581.34
 
kk                               Automatic, Integer(4), Offset: 0, Alignment: full word
                                 0-139.12@  0-140.17  0-140.28  0-164.12@  0-165.18  0-165.29  0-188.12@  0-189.17  0-189.28
                                 0-258.12@  0-259.17  0-259.28  0-280.12@  0-281.18  0-281.29  0-303.12@  0-304.17  0-304.28
                                 0-387.12@  0-388.17  0-388.28  0-409.12@  0-410.18  0-410.29  0-432.12@  0-433.17  0-433.28
                                 0-493.12@  0-494.17  0-494.28  0-515.12@  0-516.18  0-516.29  0-538.12@  0-539.17  0-539.28
 
kmax                             Automatic, Integer(4), Offset: 0, Alignment: full word
                                 0-70.7@  0-115.7@  0-116.37  0-208.7@  0-321.7@  0-450.7@
 
kpds                             Automatic, Integer(4) (1:200), Offset: 0, Alignment: full word
                                 0-22.35$  0-96.25  0-108.16  0-135.18  0-159.18  0-184.18  0-230.25  0-254.18  0-276.18  0-299.18
                                 0-342.25  0-360.18  0-372.18  0-382.18  0-405.18  0-428.18  0-471.25  0-489.18  0-511.18  0-534.18
                                 0-554.7@  0-555.7@  0-556.7@  0-561.29  0-564.7@  0-565.7@  0-566.7@  0-571.29  0-574.7@  0-575.7@
                                 0-576.7@  0-581.29
 
kr                               Automatic, Integer(4), Offset: 0, Alignment: full word
                                 0-96.22  0-230.22  0-342.22  0-471.22
 
kskip                            Automatic, Integer(4), Offset: 0, Alignment: full word
                                 0-72.7@  0-81.23  0-210.7@  0-217.24  0-323.7@  0-330.24  0-452.7@  0-459.24
 
l                                Automatic, Integer(4), Offset: 0, Alignment: full word
                                 0-121.7@  0-143.32  0-168.32  0-192.32  0-242.7@  0-262.32  0-284.32  0-307.32  0-362.31  0-391.32
                                 0-413.32  0-436.32  0-519.32  0-542.32
 
lb                               Automatic, Logical(1) (1:1000000), Offset: 0, Alignment: byte
                                 0-32.17$
 
levs                             Automatic, Integer(4) (1:60), Offset: 0, Alignment: full word
                                 0-23.15$
 
lgrib                            Automatic, Integer(4), Offset: 0, Alignment: full word
                                 0-96.46  0-230.46  0-342.46  0-471.46
 
lskip                            Automatic, Integer(4), Offset: 0, Alignment: full word
                                 0-96.40  0-230.40  0-342.40  0-471.40
 
lugb                             Automatic, Integer(4), Offset: 0, Alignment: full word
                                 0-49.7@  0-74.38  0-76.19  0-134.18  0-158.18  0-183.18
 
lugb2                            Automatic, Integer(4), Offset: 0, Alignment: full word
                                 0-51.7@  0-211.38  0-213.19  0-253.18  0-275.18  0-298.18
 
lugb3                            Automatic, Integer(4), Offset: 0, Alignment: full word
                                 0-53.7@  0-324.38  0-326.19  0-359.18  0-371.18  0-381.18  0-404.18  0-427.18
 
lugb4                            Automatic, Integer(4), Offset: 0, Alignment: full word
                                 0-55.7@  0-453.38  0-455.19  0-488.18  0-510.18  0-533.18
 
lugb5                            Automatic, Integer(4), Offset: 0, Alignment: full word
                                 0-57.7@  0-558.38  0-560.19  0-561.18  0-562.20
 
lugb6                            Automatic, Integer(4), Offset: 0, Alignment: full word
                                 0-58.7@  0-568.38  0-570.19  0-571.18  0-572.20
 
lugb7                            Automatic, Integer(4), Offset: 0, Alignment: full word
                                 0-59.7@  0-578.38  0-580.19  0-581.18  0-582.20
 
lugi                             Automatic, Integer(4), Offset: 0, Alignment: full word
                                 0-50.7@  0-78.38  0-80.19  0-81.18  0-134.23  0-158.23  0-183.23
 
lugi2                            Automatic, Integer(4), Offset: 0, Alignment: full word
                                 0-52.7@  0-214.38  0-216.19  0-217.18  0-253.24  0-275.24  0-298.24
 
lugi3                            Automatic, Integer(4), Offset: 0, Alignment: full word
                                 0-54.7@  0-327.38  0-329.19  0-330.18  0-359.24  0-371.24  0-381.24  0-404.24  0-427.24
 
lugi4                            Automatic, Integer(4), Offset: 0, Alignment: full word
                                 0-56.7@  0-456.38  0-458.19  0-459.18  0-488.24  0-510.24  0-533.24
 
mask                             Automatic, Logical(1) (1:796590), Offset: 0, Alignment: byte
                                 0-25.17$  0-135.28  0-159.28  0-184.28
 
mask2                            Automatic, Logical(1) (1:796590), Offset: 0, Alignment: byte
                                 0-25.29$  0-254.28  0-276.28  0-299.28  0-360.28  0-372.28  0-382.28  0-405.28  0-428.28  0-489.28
                                 0-511.28  0-534.28  0-561.39  0-571.39  0-581.39
 
maxlev                           Parameter, Integer(4)
                                 1-1.35$  0-23.20  0-47.14  0-115.14
 
mbuf                             Parameter, Integer(4)
                                 0-27.17$  0-28.22  0-29.23  0-81.29  0-217.30  0-330.30  0-459.30
 
msk1                             Parameter, Integer(4)
                                 0-34.17$
 
msk2                             Parameter, Integer(4)
                                 0-34.28$
 
nlen                             Automatic, Integer(4), Offset: 0, Alignment: full word
                                 0-81.39  0-95.27  0-217.41  0-229.28  0-330.41  0-341.28  0-459.41  0-470.28
 
nnum                             Automatic, Integer(4), Offset: 0, Alignment: full word
                                 0-81.44  0-91.17  0-95.32  0-217.46  0-225.17  0-229.33  0-330.46  0-337.17  0-341.33  0-459.46
                                 0-466.17  0-470.33
 
numlev                           Automatic, Integer(4), Offset: 0, Alignment: full word
                                 0-47.7@  0-116.30
 
numval                           Automatic, Integer(4), Offset: 0, Alignment: full word
                                 0-114.7@  0-134.28  0-158.28  0-183.28  0-253.30  0-275.30  0-298.30  0-359.30  0-371.30  0-381.30
                                 0-404.30  0-427.30  0-488.30  0-510.30  0-533.30
 
putgb                            External Subroutine
                                 0-561.12  0-571.12  0-581.12
 
snow1                            Automatic, Real(4) (1:796590), Offset: 0, Alignment: full word
                                 0-40.17$  0-189.11@  0-551.23
 
snow12hr                         Automatic, Real(4) (1:796590), Offset: 0, Alignment: full word
                                 0-41.24$  0-551.11@  0-581.45
 
snow2                            Automatic, Real(4) (1:796590), Offset: 0, Alignment: full word
                                 0-40.29$  0-304.11@  0-551.32
 
snow3                            Automatic, Real(4) (1:796590), Offset: 0, Alignment: full word
                                 0-40.41$  0-433.11@  0-551.41
 
snow4                            Automatic, Real(4) (1:796590), Offset: 0, Alignment: full word
                                 0-41.12$  0-539.11@  0-551.50
 
** addprecip12   === End of Compilation 1 ===
 
>>>>> FILE TABLE SECTION <<<<<
 
 
                                       FILE CREATION        FROM
FILE NO   FILENAME                    DATE       TIME       FILE    LINE
     0    ADDPRECIP12.f               06/23/11   14:21:52
     1    /gpfs/s/nco/ops/nwpara/sorc/nam_smartaddprecip.fd/parmnam
                                      06/23/11   14:21:52      0      18
 
 
>>>>> COMPILATION EPILOGUE SECTION <<<<<
 
 
FORTRAN Summary of Diagnosed Conditions
 
TOTAL   UNRECOVERABLE  SEVERE       ERROR     WARNING    INFORMATIONAL
               (U)       (S)         (E)        (W)          (I)
    0           0         0           0          0            0
 
 
    Source records read.......................................     585
1501-510  Compilation successful for file ADDPRECIP12.f.
1501-543  Object file created.
